111.74.238.2 - - [11/Jun/2017:06:51:26 +0000] "GET /manager/html HTTP/1.1" 404 570 "-" "Mozilla/5.0 (compatible; MSIE 10.0; Windows NT 6.2; WOW64; Trident/6.0)"
91.230.47.3 - - [11/Jun/2017:07:19:53 +0000] "GET / HTTP/1.0" 200 53 "-" "-"
91.230.47.3 - - [11/Jun/2017:08:19:55 +0000] "GET / HTTP/1.0" 200 53 "-" "-"
59.148.232.98 - - [11/Jun/2017:09:18:41 +0000] "GET / HTTP/1.0" 200 53 "-" "-"
180.97.30.196 - - [11/Jun/2017:09:52:38 +0000] "GET /phpmyadmin/index.php HTTP/1.1" 404 168 "-" "-"
180.97.30.196 - - [11/Jun/2017:09:52:38 +0000] "GET /sql/index.php HTTP/1.1" 404 168 "-" "-"
180.97.30.196 - - [11/Jun/2017:09:52:38 +0000] "GET /pmy/favicon.ico HTTP/1.1" 404 168 "-" "-"
180.97.30.196 - - [11/Jun/2017:09:52:38 +0000] "GET /pma/favicon.ico HTTP/1.1" 404 168 "-" "-"
180.97.30.196 - - [11/Jun/2017:09:52:38 +0000] "GET /mysql/favicon.ico HTTP/1.1" 404 168 "-" "-"
180.97.30.196 - - [11/Jun/2017:09:52:39 +0000] "GET /dgbf/images/logo.jpg HTTP/1.1" 404 168 "-" "-"
180.97.30.196 - - [11/Jun/2017:09:52:39 +0000] "GET /diguo/images/logo.jpg HTTP/1.1" 404 168 "-" "-"
180.97.30.196 - - [11/Jun/2017:09:52:39 +0000] "GET /ebak/images/logo.jpg HTTP/1.1" 404 168 "-" "-"
180.97.30.196 - - [11/Jun/2017:09:52:39 +0000] "GET /pmd/index.php HTTP/1.1" 404 168 "-" "-"
180.97.30.196 - - [11/Jun/2017:09:52:40 +0000] "GET /pmu/favicon.ico HTTP/1.1" 404 168 "-" "-"
180.97.30.196 - - [11/Jun/2017:09:52:40 +0000] "GET /beifen/images/logo.jpg HTTP/1.1" 404 168 "-" "-"
91.230.47.3 - - [11/Jun/2017:10:43:03 +0000] "GET / HTTP/1.0" 200 53 "-" "-"
91.230.47.3 - - [11/Jun/2017:11:43:06 +0000] "GET / HTTP/1.0" 200 53 "-" "-"
179.208.76.192 - - [11/Jun/2017:12:44:42 +0000] "GET /hndUnblock.cgi HTTP/1.0" 404 168 "-" "Wget(linux)"
179.208.76.192 - - [11/Jun/2017:12:44:43 +0000] "GET /tmUnblock.cgi HTTP/1.0" 404 168 "-" "Wget(linux)"
46.246.37.67 - - [11/Jun/2017:13:00:01 +0000] "GET //phpmyadmin/scripts/setup.php HTTP/1.1" 404 142 "-" "-"
46.246.37.67 - - [11/Jun/2017:13:00:01 +0000] "GET //MyAdmin/scripts/setup.php HTTP/1.1" 404 142 "-" "-"
46.246.37.67 - - [11/Jun/2017:13:00:01 +0000] "GET //phpMyAdmin/scripts/setup.php HTTP/1.1" 404 142 "-" "-"
46.246.37.67 - - [11/Jun/2017:13:00:01 +0000] "GET /muieblackcat HTTP/1.1" 404 142 "-" "-"
46.246.37.67 - - [11/Jun/2017:13:00:01 +0000] "GET //myadmin/scripts/setup.php HTTP/1.1" 404 142 "-" "-"
46.246.37.67 - - [11/Jun/2017:13:00:01 +0000] "GET //pma/scripts/setup.php HTTP/1.1" 404 142 "-" "-"
91.196.50.33 - - [11/Jun/2017:13:39:25 +0000] "GET http://testp3.pospr.waw.pl/testproxy.php HTTP/1.1" 404 142 "-" "Mozilla/5.0 (Windows NT 5.1; rv:32.0) Gecko/20100101 Firefox/31.0"
91.230.47.3 - - [11/Jun/2017:14:16:24 +0000] "GET / HTTP/1.0" 200 53 "-" "-"
139.162.124.167 - - [11/Jun/2017:14:34:09 +0000] "GET / HTTP/1.1" 200 529 "-" "Mozilla/5.0"
91.230.47.3 - - [11/Jun/2017:15:16:48 +0000] "GET / HTTP/1.0" 200 53 "-" "-"
91.230.47.3 - - [11/Jun/2017:17:45:14 +0000] "GET / HTTP/1.0" 200 53 "-" "-"
91.230.47.3 - - [11/Jun/2017:18:46:10 +0000] "GET / HTTP/1.0" 200 53 "-" "-"
60.191.38.77 - - [11/Jun/2017:19:42:09 +0000] "GET / HTTP/1.1" 200 867 "-" "Mozilla/5.0 (Macintosh; Intel Mac OS X 10.11; rv:47.0) Gecko/20100101 Firefox/47.0"
141.212.122.48 - - [11/Jun/2017:21:05:48 +0000] "GET /x HTTP/1.1" 400 172 "-" "Telesphoreo"
91.230.47.3 - - [11/Jun/2017:21:23:17 +0000] "GET / HTTP/1.0" 200 53 "-" "-"
91.230.47.3 - - [11/Jun/2017:22:26:23 +0000] "GET / HTTP/1.0" 200 53 "-" "-"
91.230.47.3 - - [12/Jun/2017:00:38:54 +0000] "GET / HTTP/1.0" 200 53 "-" "-"
84.245.107.209 - - [12/Jun/2017:00:57:08 +0000] "GET / HTTP/1.1" 200 867 "-" "curl/7.17.1 (mips-unknown-linux-gnu) libcurl/7.17.1 OpenSSL/0.9.8i zlib/1.2.3"
91.230.47.3 - - [12/Jun/2017:01:39:26 +0000] "GET / HTTP/1.0" 200 53 "-" "-"
110.8.84.231 - - [12/Jun/2017:02:03:46 +0000] "GET /userlogin!default.action HTTP/1.1" 404 142 "-" "python-requests/2.14.2"
91.196.50.33 - - [12/Jun/2017:02:07:03 +0000] "GET http://testp3.pospr.waw.pl/testproxy.php HTTP/1.1" 404 142 "-" "Mozilla/5.0 (Windows NT 5.1; rv:32.0) Gecko/20100101 Firefox/31.0"
81.35.179.245 - - [12/Jun/2017:03:02:52 +0000] "GET / HTTP/1.1" 200 529 "-" "Mozilla/5.0 zgrab/0.x"
91.230.47.3 - - [12/Jun/2017:04:16:27 +0000] "GET / HTTP/1.0" 200 53 "-" "-"
139.162.108.53 - - [12/Jun/2017:04:57:43 +0000] "GET / HTTP/1.1" 200 867 "-" "Mozilla/5.0 (Windows NT 10.0; WOW64) AppleWebKit/537.36 (KHTML, like Gecko) Chrome/50.0.2661.102 Safari/537.36"
91.230.47.3 - - [12/Jun/2017:05:19:05 +0000] "GET / HTTP/1.0" 200 53 "-" "-"
91.230.47.3 - - [12/Jun/2017:07:34:08 +0000] "GET / HTTP/1.0" 200 53 "-" "-"
91.230.47.3 - - [12/Jun/2017:08:34:28 +0000] "GET / HTTP/1.0" 200 53 "-" "-"
164.52.7.132 - - [12/Jun/2017:09:11:26 +0000] "\x16\x03\x01\x01\x22\x01\x00\x01\x1E\x03\x03\xFEp\x90\x93g\xAC~\xED\x13_%g\xB4\x95\x17~\x96jI\x04\x9FDvg\x0C\x06w\xE5u" 400 172 "-" "-"
77.81.229.227 - - [12/Jun/2017:09:28:11 +0000] "GET //MyAdmin/scripts/setup.php HTTP/1.1" 404 142 "-" "-"
77.81.229.227 - - [12/Jun/2017:09:28:11 +0000] "GET //pma/scripts/setup.php HTTP/1.1" 404 142 "-" "-"
77.81.229.227 - - [12/Jun/2017:09:28:11 +0000] "GET //phpMyAdmin/scripts/setup.php HTTP/1.1" 404 142 "-" "-"
77.81.229.227 - - [12/Jun/2017:09:28:11 +0000] "GET //phpmyadmin/scripts/setup.php HTTP/1.1" 404 142 "-" "-"
77.81.229.227 - - [12/Jun/2017:09:28:11 +0000] "GET /muieblackcat HTTP/1.1" 404 142 "-" "-"
77.81.229.227 - - [12/Jun/2017:09:28:11 +0000] "GET //myadmin/scripts/setup.php HTTP/1.1" 404 142 "-" "-"
91.230.47.3 - - [12/Jun/2017:11:20:18 +0000] "GET / HTTP/1.0" 200 53 "-" "-"
168.0.96.3 - - [12/Jun/2017:11:31:14 +0000] "GET / HTTP/1.1" 200 867 "-" "curl/7.17.1 (mips-unknown-linux-gnu) libcurl/7.17.1 OpenSSL/0.9.8i zlib/1.2.3"
91.230.47.3 - - [12/Jun/2017:12:23:16 +0000] "GET / HTTP/1.0" 200 53 "-" "-"
31.210.102.114 - - [12/Jun/2017:12:31:47 +0000] "GET / HTTP/1.0" 200 53 "-" "masscan/1.0 (https://github.com/robertdavidgraham/masscan)"
91.196.50.33 - - [12/Jun/2017:12:45:50 +0000] "GET http://testp3.pospr.waw.pl/testproxy.php HTTP/1.1" 404 142 "-" "Mozilla/5.0 (Windows NT 5.1; rv:32.0) Gecko/20100101 Firefox/31.0"
183.129.160.229 - - [12/Jun/2017:13:30:50 +0000] "GET / HTTP/1.1" 200 867 "-" "Mozilla/5.0 (Macintosh; Intel Mac OS X 10.11; rv:47.0) Gecko/20100101 Firefox/47.0"
91.230.47.3 - - [12/Jun/2017:14:48:57 +0000] "GET / HTTP/1.0" 200 53 "-" "-"
73.154.229.157 - - [12/Jun/2017:15:51:52 +0000] "GET login.cgi HTTP/1.0" 400 172 "-" "-"
91.230.47.3 - - [12/Jun/2017:15:53:53 +0000] "GET / HTTP/1.0" 200 53 "-" "-"
91.230.47.3 - - [12/Jun/2017:18:04:57 +0000] "GET / HTTP/1.0" 200 53 "-" "-"
91.230.47.3 - - [12/Jun/2017:19:06:58 +0000] "GET / HTTP/1.0" 200 53 "-" "-"
91.230.47.3 - - [12/Jun/2017:21:23:57 +0000] "GET / HTTP/1.0" 200 53 "-" "-"
91.230.47.3 - - [12/Jun/2017:22:24:03 +0000] "GET / HTTP/1.0" 200 53 "-" "-"
91.230.47.3 - - [13/Jun/2017:00:55:37 +0000] "GET / HTTP/1.0" 200 53 "-" "-"
91.196.50.33 - - [13/Jun/2017:01:28:06 +0000] "GET http://testp3.pospr.waw.pl/testproxy.php HTTP/1.1" 404 142 "-" "Mozilla/5.0 (Windows NT 5.1; rv:32.0) Gecko/20100101 Firefox/31.0"
5.196.210.152 - - [13/Jun/2017:01:40:38 +0000] "GET /w00tw00t.at.ISC.SANS.DFind:) HTTP/1.1" 400 172 "-" "-"
91.230.47.3 - - [13/Jun/2017:01:56:15 +0000] "GET / HTTP/1.0" 200 53 "-" "-"
91.230.47.3 - - [13/Jun/2017:04:22:30 +0000] "GET / HTTP/1.0" 200 53 "-" "-"
91.230.47.3 - - [13/Jun/2017:05:22:41 +0000] "GET / HTTP/1.0" 200 53 "-" "-"
91.230.47.3 - - [13/Jun/2017:07:47:26 +0000] "GET / HTTP/1.0" 200 53 "-" "-"
91.230.47.3 - - [13/Jun/2017:08:47:26 +0000] "GET / HTTP/1.0" 200 53 "-" "-"
185.35.63.38 - - [13/Jun/2017:10:29:04 +0000] "GET / HTTP/1.1" 200 867 "-" "qd"
128.204.198.119 - - [13/Jun/2017:11:22:47 +0000] "GET / HTTP/1.0" 200 53 "-" "masscan/1.0 (https://github.com/robertdavidgraham/masscan)"
91.230.47.3 - - [13/Jun/2017:11:32:38 +0000] "GET / HTTP/1.0" 200 53 "-" "-"
91.230.47.3 - - [13/Jun/2017:12:35:56 +0000] "GET / HTTP/1.0" 200 53 "-" "-"
185.35.63.15 - - [13/Jun/2017:13:16:23 +0000] "GET / HTTP/1.1" 200 867 "-" "nz"
185.35.63.153 - - [13/Jun/2017:14:32:24 +0000] "GET / HTTP/1.1" 200 867 "-" "lg"
59.56.110.208 - - [13/Jun/2017:14:32:35 +0000] "GET /phpMyAdmin HTTP/1.1" 404 570 "http://45.63.16.46/phpMyAdmin" "Mozilla/4.0 (compatible; MSIE 9.0; Windows NT 6.1)"
91.230.47.3 - - [13/Jun/2017:14:50:02 +0000] "GET / HTTP/1.0" 200 53 "-" "-"
60.191.38.77 - - [13/Jun/2017:15:36:43 +0000] "GET / HTTP/1.1" 200 867 "-" "Mozilla/5.0 (Macintosh; Intel Mac OS X 10.11; rv:47.0) Gecko/20100101 Firefox/47.0"
91.230.47.3 - - [13/Jun/2017:15:50:26 +0000] "GET / HTTP/1.0" 200 53 "-" "-"
139.162.108.53 - - [13/Jun/2017:16:57:54 +0000] "GET / HTTP/1.1" 200 867 "-" "Mozilla/5.0 (Windows NT 10.0; WOW64) AppleWebKit/537.36 (KHTML, like Gecko) Chrome/50.0.2661.102 Safari/537.36"
91.196.50.33 - - [13/Jun/2017:17:01:57 +0000] "GET http://testp3.pospr.waw.pl/testproxy.php HTTP/1.1" 404 142 "-" "Mozilla/5.0 (Windows NT 5.1; rv:32.0) Gecko/20100101 Firefox/31.0"
60.191.29.20 - - [13/Jun/2017:18:16:00 +0000] "GET / HTTP/1.0" 200 53 "-" "-"
91.230.47.3 - - [13/Jun/2017:18:33:01 +0000] "GET / HTTP/1.0" 200 53 "-" "-"
91.230.47.3 - - [13/Jun/2017:19:39:08 +0000] "GET / HTTP/1.0" 200 53 "-" "-"
59.162.178.242 - - [13/Jun/2017:19:42:44 +0000] "HEAD /robots.txt HTTP/1.0" 404 0 "-" "-"
141.212.122.32 - - [13/Jun/2017:19:49:24 +0000] "GET / HTTP/1.1" 200 529 "-" "Mozilla/5.0 zgrab/0.x"
91.230.47.3 - - [13/Jun/2017:21:47:34 +0000] "GET / HTTP/1.0" 200 53 "-" "-"
91.230.47.3 - - [13/Jun/2017:22:48:17 +0000] "GET / HTTP/1.0" 200 53 "-" "-"
91.230.47.3 - - [14/Jun/2017:01:20:17 +0000] "GET / HTTP/1.0" 200 53 "-" "-"
91.230.47.3 - - [14/Jun/2017:02:22:23 +0000] "GET / HTTP/1.0" 200 53 "-" "-"
91.196.50.33 - - [14/Jun/2017:04:40:42 +0000] "GET http://testp3.pospr.waw.pl/testproxy.php HTTP/1.1" 404 142 "-" "Mozilla/5.0 (Windows NT 5.1; rv:32.0) Gecko/20100101 Firefox/31.0"
91.230.47.3 - - [14/Jun/2017:04:43:37 +0000] "GET / HTTP/1.0" 200 53 "-" "-"
209.126.136.4 - - [14/Jun/2017:04:58:29 +0000] "GET / HTTP/1.1" 200 529 "-" "Mozilla/5.0 (Windows NT 10.0; Win64; x64) AppleWebKit/537.36 (KHTML, like Gecko) Chrome/57.0.2987.133 Safari/537.36"
91.230.47.3 - - [14/Jun/2017:05:44:18 +0000] "GET / HTTP/1.0" 200 53 "-" "-"
191.96.249.136 - - [14/Jun/2017:07:53:18 +0000] "GET /phpmyadmin/scripts/setup.php HTTP/1.0" 404 168 "-" "-"
91.230.47.3 - - [14/Jun/2017:08:14:02 +0000] "GET / HTTP/1.0" 200 53 "-" "-"
91.230.47.3 - - [14/Jun/2017:09:14:06 +0000] "GET / HTTP/1.0" 200 53 "-" "-"
91.230.47.3 - - [14/Jun/2017:11:44:12 +0000] "GET / HTTP/1.0" 200 53 "-" "-"
91.230.47.3 - - [14/Jun/2017:12:46:47 +0000] "GET / HTTP/1.0" 200 53 "-" "-"
91.230.47.3 - - [14/Jun/2017:15:17:06 +0000] "GET / HTTP/1.0" 200 53 "-" "-"
139.162.124.167 - - [14/Jun/2017:15:25:10 +0000] "GET / HTTP/1.1" 200 529 "-" "Mozilla/5.0"
91.230.47.3 - - [14/Jun/2017:16:20:35 +0000] "GET / HTTP/1.0" 200 53 "-" "-"
91.196.50.33 - - [14/Jun/2017:16:21:00 +0000] "GET http://testp3.pospr.waw.pl/testproxy.php HTTP/1.1" 404 142 "-" "Mozilla/5.0 (Windows NT 5.1; rv:32.0) Gecko/20100101 Firefox/31.0"
91.230.47.3 - - [14/Jun/2017:18:41:40 +0000] "GET / HTTP/1.0" 200 53 "-" "-"
91.230.47.3 - - [14/Jun/2017:19:44:05 +0000] "GET / HTTP/1.0" 200 53 "-" "-"
66.240.205.34 - - [14/Jun/2017:19:48:45 +0000] "Gh0st\xAD\x00\x00\x00\xE0\x00\x00\x00x\x9CKS``\x98\xC3\xC0\xC0\xC0\x06\xC4\x8C@\xBCQ\x96\x81\x81\x09H\x07\xA7\x16\x95e&\xA7*\x04$&g+\x182\x94\xF6\xB000\xAC\xA8rc\x00\x01\x11\xA0\x82\x1F\x5C`&\x83\xC7K7\x86\x19\xE5n\x0C9\x95n\x0C;\x84\x0F3\xAC\xE8sch\xA8^\xCF4'J\x97\xA9\x82\xE30\xC3\x91h]&\x90\xF8\xCE\x97S\xCBA4L?2=\xE1\xC4\x92\x86\x0B@\xF5`\x0CT\x1F\xAE\xAF]" 400 172 "-" "-"
128.204.198.119 - - [14/Jun/2017:21:47:02 +0000] "GET / HTTP/1.0" 200 53 "-" "masscan/1.0 (https://github.com/robertdavidgraham/masscan)"
59.162.178.242 - - [14/Jun/2017:21:54:06 +0000] "HEAD /robots.txt HTTP/1.0" 404 0 "-" "-"
91.230.47.3 - - [14/Jun/2017:22:13:04 +0000] "GET / HTTP/1.0" 200 53 "-" "-"
91.230.47.3 - - [14/Jun/2017:23:17:30 +0000] "GET / HTTP/1.0" 200 53 "-" "-"
91.230.47.3 - - [15/Jun/2017:01:29:16 +0000] "GET / HTTP/1.0" 200 53 "-" "-"
185.110.132.239 - - [15/Jun/2017:02:20:40 +0000] "GET / HTTP/1.1" 200 867 "-" "Scanbot"
91.230.47.3 - - [15/Jun/2017:02:29:38 +0000] "GET / HTTP/1.0" 200 53 "-" "-"
91.196.50.33 - - [15/Jun/2017:04:57:47 +0000] "GET http://testp3.pospr.waw.pl/testproxy.php HTTP/1.1" 404 142 "-" "Mozilla/5.0 (Windows NT 5.1; rv:32.0) Gecko/20100101 Firefox/31.0"
91.230.47.3 - - [15/Jun/2017:05:11:38 +0000] "GET / HTTP/1.0" 200 53 "-" "-"
91.230.47.3 - - [15/Jun/2017:06:14:30 +0000] "GET / HTTP/1.0" 200 53 "-" "-"
183.129.160.229 - - [15/Jun/2017:08:20:49 +0000] "GET / HTTP/1.1" 200 867 "-" "Mozilla/5.0 (Macintosh; Intel Mac OS X 10.11; rv:47.0) Gecko/20100101 Firefox/47.0"
91.230.47.3 - - [15/Jun/2017:08:24:26 +0000] "GET / HTTP/1.0" 200 53 "-" "-"
188.79.228.36 - - [15/Jun/2017:08:52:10 +0000] "GET login.cgi HTTP/1.0" 400 172 "-" "-"
91.230.47.3 - - [15/Jun/2017:09:24:30 +0000] "GET / HTTP/1.0" 200 53 "-" "-"
91.230.47.3 - - [15/Jun/2017:12:08:30 +0000] "GET / HTTP/1.0" 200 53 "-" "-"
91.230.47.3 - - [15/Jun/2017:13:12:55 +0000] "GET / HTTP/1.0" 200 53 "-" "-"
96.53.216.125 - - [15/Jun/2017:13:17:45 +0000] "GET / HTTP/1.0" 200 53 "-" "-"
211.95.73.248 - - [15/Jun/2017:13:20:47 +0000] "GET / HTTP/1.1" 200 867 "-" "User-Agent:Mozilla/4.0 (compatible; MSIE 6.0; Windows NT 5.2; .NET CLR 1.0.3705"
211.95.73.248 - - [15/Jun/2017:13:20:47 +0000] "GET /index.action HTTP/1.1" 404 570 "-" "Mozilla/5.0 (Macintosh; Intel Mac OS X 10_12_3) AppleWebKit/537.36 (KHTML, like Gecko) Chrome/56.0.2924.87 Safari/537.36"
179.219.172.20 - - [15/Jun/2017:13:26:14 +0000] "GET /cgi/common.cgi HTTP/1.0" 404 168 "-" "Wget(linux)"
179.219.172.20 - - [15/Jun/2017:13:26:14 +0000] "GET /stssys.htm HTTP/1.0" 404 168 "-" "Wget(linux)"
179.219.172.20 - - [15/Jun/2017:13:26:14 +0000] "GET / HTTP/1.0" 200 867 "-" "Wget(linux)"
179.219.172.20 - - [15/Jun/2017:13:26:15 +0000] "POST /command.php HTTP/1.0" 404 168 "-" "Wget(linux)"
185.57.81.38 - - [15/Jun/2017:14:24:09 +0000] "GET /robots.txt HTTP/1.1" 404 200 "-" "Mozilla/5.0 (compatible; MSIE 10.0; Windows NT 6.1; Trident/6.0)"
124.88.64.207 - - [15/Jun/2017:15:07:41 +0000] "GET / HTTP/1.0" 200 867 "-" "-"
124.152.226.221 - - [15/Jun/2017:15:08:13 +0000] "GET / HTTP/1.1" 200 529 "-" "Mozilla/5.0 (Windows NT 6.1) AppleWebKit/537.1 (KHTML, like Gecko) Chrome/21.0.1180.89 Safari/537.1"
91.230.47.3 - - [15/Jun/2017:15:34:40 +0000] "GET / HTTP/1.0" 200 53 "-" "-"
37.77.55.120 - - [15/Jun/2017:16:27:50 +0000] "GET / HTTP/1.1" 200 867 "-" "curl/7.17.1 (mips-unknown-linux-gnu) libcurl/7.17.1 OpenSSL/0.9.8i zlib/1.2.3"
91.230.47.3 - - [15/Jun/2017:16:39:31 +0000] "GET / HTTP/1.0" 200 53 "-" "-"
91.230.47.3 - - [15/Jun/2017:19:02:16 +0000] "GET / HTTP/1.0" 200 53 "-" "-"
59.162.178.242 - - [15/Jun/2017:19:03:22 +0000] "HEAD /robots.txt HTTP/1.0" 404 0 "-" "-"
183.129.160.229 - - [15/Jun/2017:20:06:19 +0000] "GET / HTTP/1.1" 200 867 "-" "Mozilla/5.0 (Macintosh; Intel Mac OS X 10.11; rv:47.0) Gecko/20100101 Firefox/47.0"
91.230.47.3 - - [15/Jun/2017:20:06:42 +0000] "GET / HTTP/1.0" 200 53 "-" "-"
91.196.50.33 - - [15/Jun/2017:20:25:41 +0000] "GET http://testp3.pospr.waw.pl/testproxy.php HTTP/1.1" 404 142 "-" "Mozilla/5.0 (Windows NT 5.1; rv:32.0) Gecko/20100101 Firefox/31.0"
91.230.47.3 - - [15/Jun/2017:22:12:40 +0000] "GET / HTTP/1.0" 200 53 "-" "-"
91.230.47.3 - - [15/Jun/2017:23:12:44 +0000] "GET / HTTP/1.0" 200 53 "-" "-"
91.230.47.3 - - [16/Jun/2017:01:54:13 +0000] "GET / HTTP/1.0" 200 53 "-" "-"
91.230.47.3 - - [16/Jun/2017:02:57:33 +0000] "GET / HTTP/1.0" 200 53 "-" "-"
139.162.124.167 - - [16/Jun/2017:03:58:26 +0000] "GET / HTTP/1.1" 200 529 "-" "Mozilla/5.0"
196.52.43.62 - - [16/Jun/2017:04:34:16 +0000] "GET / HTTP/1.0" 200 53 "-" "Mozilla/5.0 (Windows NT 6.1; rv:31.0) Gecko/20100101 Firefox/31.0"
183.129.160.229 - - [16/Jun/2017:05:00:32 +0000] "GET / HTTP/1.1" 200 867 "-" "Mozilla/5.0 (Macintosh; Intel Mac OS X 10.11; rv:47.0) Gecko/20100101 Firefox/47.0"
91.230.47.3 - - [16/Jun/2017:05:14:18 +0000] "GET / HTTP/1.0" 200 53 "-" "-"
183.129.160.229 - - [16/Jun/2017:05:57:38 +0000] "GET / HTTP/1.1" 200 867 "-" "Mozilla/5.0 (Macintosh; Intel Mac OS X 10.11; rv:47.0) Gecko/20100101 Firefox/47.0"
93.174.93.143 - - [16/Jun/2017:06:07:01 +0000] "GET / HTTP/1.1" 400 172 "-" "-"
91.230.47.3 - - [16/Jun/2017:06:14:17 +0000] "GET / HTTP/1.0" 200 53 "-" "-"
38.107.180.164 - - [16/Jun/2017:07:11:29 +0000] "GET / HTTP/1.1" 200 529 "-" "Mozilla/5.0 zgrab/0.x"
38.107.180.164 - - [16/Jun/2017:07:47:43 +0000] "GET / HTTP/1.1" 200 529 "-" "Mozilla/5.0 zgrab/0.x"
91.196.50.33 - - [16/Jun/2017:07:52:40 +0000] "GET http://testp3.pospr.waw.pl/testproxy.php HTTP/1.1" 404 142 "-" "Mozilla/5.0 (Windows NT 5.1; rv:32.0) Gecko/20100101 Firefox/31.0"
38.107.180.164 - - [16/Jun/2017:08:39:20 +0000] "GET / HTTP/1.1" 200 529 "-" "Mozilla/5.0 zgrab/0.x"
91.230.47.3 - - [16/Jun/2017:08:45:39 +0000] "GET / HTTP/1.0" 200 53 "-" "-"
91.230.47.3 - - [16/Jun/2017:09:46:46 +0000] "GET / HTTP/1.0" 200 53 "-" "-"
162.242.166.44 - - [16/Jun/2017:11:37:06 +0000] "HEAD / HTTP/1.0" 200 0 "-" "-"
91.230.47.3 - - [16/Jun/2017:12:18:05 +0000] "GET / HTTP/1.0" 200 53 "-" "-"
91.230.47.3 - - [16/Jun/2017:13:20:02 +0000] "GET / HTTP/1.0" 200 53 "-" "-"
139.162.114.70 - - [16/Jun/2017:14:18:29 +0000] "GET / HTTP/1.1" 200 867 "-" "Mozilla/5.0 (Windows NT 10.0; WOW64) AppleWebKit/537.36 (KHTML, like Gecko) Chrome/50.0.2661.102 Safari/537.36"
91.230.47.3 - - [16/Jun/2017:15:42:57 +0000] "GET / HTTP/1.0" 200 53 "-" "-"
91.230.47.3 - - [16/Jun/2017:16:44:34 +0000] "GET / HTTP/1.0" 200 53 "-" "-"
177.98.7.50 - - [16/Jun/2017:16:58:20 +0000] "GET /manager/html HTTP/1.1" 404 142 "-" "Mozilla/5.0 Gecko/20100101"
128.204.198.119 - - [16/Jun/2017:18:36:10 +0000] "GET / HTTP/1.0" 200 53 "-" "masscan/1.0 (https://github.com/robertdavidgraham/masscan)"
91.230.47.3 - - [16/Jun/2017:19:17:36 +0000] "GET / HTTP/1.0" 200 53 "-" "-"
91.230.47.3 - - [16/Jun/2017:20:21:38 +0000] "GET / HTTP/1.0" 200 53 "-" "-"
59.162.178.242 - - [16/Jun/2017:20:56:24 +0000] "HEAD /robots.txt HTTP/1.0" 404 0 "-" "-"
91.196.50.33 - - [16/Jun/2017:20:58:48 +0000] "GET http://testp3.pospr.waw.pl/testproxy.php HTTP/1.1" 404 142 "-" "Mozilla/5.0 (Windows NT 5.1; rv:32.0) Gecko/20100101 Firefox/31.0"
91.230.47.3 - - [16/Jun/2017:22:31:45 +0000] "GET / HTTP/1.0" 200 53 "-" "-"
118.193.180.232 - - [16/Jun/2017:22:48:25 +0000] "GET / HTTP/1.1" 400 172 "-" "-"
91.230.47.3 - - [16/Jun/2017:23:32:05 +0000] "GET / HTTP/1.0" 200 53 "-" "-"
183.129.160.229 - - [16/Jun/2017:23:44:34 +0000] "GET / HTTP/1.1" 200 867 "-" "Mozilla/5.0 (Macintosh; Intel Mac OS X 10.11; rv:47.0) Gecko/20100101 Firefox/47.0"
85.46.104.188 - - [17/Jun/2017:00:03:46 +0000] "GET / HTTP/1.0" 200 53 "-" "masscan/1.0"
85.46.104.188 - - [17/Jun/2017:00:04:06 +0000] "GET / HTTP/1.0" 200 53 "-" "masscan/1.0"
85.46.104.188 - - [17/Jun/2017:00:04:28 +0000] "GET / HTTP/1.0" 200 53 "-" "masscan/1.0"
85.46.104.188 - - [17/Jun/2017:00:05:06 +0000] "GET / HTTP/1.1" 200 867 "-" "masscan/1.0"
91.230.47.3 - - [17/Jun/2017:01:59:37 +0000] "GET / HTTP/1.0" 200 53 "-" "-"
139.162.108.53 - - [17/Jun/2017:02:38:05 +0000] "GET / HTTP/1.1" 200 867 "-" "Mozilla/5.0 (Windows NT 10.0; WOW64) AppleWebKit/537.36 (KHTML, like Gecko) Chrome/50.0.2661.102 Safari/537.36"
91.230.47.3 - - [17/Jun/2017:02:59:59 +0000] "GET / HTTP/1.0" 200 53 "-" "-"
110.8.84.214 - - [17/Jun/2017:04:23:45 +0000] "GET /plugins/weathermap/editor.php HTTP/1.1" 404 142 "-" "Mozilla/5.0 (Macintosh; Intel Mac OS X 10.11; rv:43.0) Gecko/20100101 Firefox/43.0"
183.129.160.229 - - [17/Jun/2017:04:36:36 +0000] "GET / HTTP/1.1" 200 867 "-" "Mozilla/5.0 (Macintosh; Intel Mac OS X 10.11; rv:47.0) Gecko/20100101 Firefox/47.0"
91.230.47.3 - - [17/Jun/2017:05:46:33 +0000] "GET / HTTP/1.0" 200 53 "-" "-"
60.191.38.77 - - [17/Jun/2017:06:25:16 +0000] "GET / HTTP/1.1" 200 867 "-" "Mozilla/5.0 (Macintosh; Intel Mac OS X 10.11; rv:47.0) Gecko/20100101 Firefox/47.0"
91.230.47.3 - - [17/Jun/2017:06:49:28 +0000] "GET / HTTP/1.0" 200 53 "-" "-"
91.230.47.3 - - [17/Jun/2017:09:21:45 +0000] "GET / HTTP/1.0" 200 53 "-" "-"
164.52.7.132 - - [17/Jun/2017:09:36:10 +0000] "\x16\x03\x01\x01\x22\x01\x00\x01\x1E\x03\x03\xEB\xF0{\x02]\xCF\xAAi\xD2M\xF3;\x5C\x96\x04\x9Dd\xB3\xA5Zr\xED\x91cD\x823\xCB\x8CL\x22l\x00\x00\x88\xC00\xC0,\xC0(\xC0$\xC0\x14\xC0" 400 172 "-" "-"
164.52.7.132 - - [17/Jun/2017:09:36:17 +0000] "USER test +iw test :Test Wuz Here" 400 172 "-" "-"
164.52.7.132 - - [17/Jun/2017:09:36:17 +0000] "GET / HTTP/1.1" 200 529 "-" "Mozilla/5.0 (Windows NT 6.1; WOW64; rv:52.0) Gecko/20100101 Firefox/52.0"
91.196.50.33 - - [17/Jun/2017:10:03:27 +0000] "GET http://testp3.pospr.waw.pl/testproxy.php HTTP/1.1" 404 142 "-" "Mozilla/5.0 (Windows NT 5.1; rv:32.0) Gecko/20100101 Firefox/31.0"
141.136.118.10 - - [17/Jun/2017:10:07:00 +0000] "GET / HTTP/1.0" 200 53 "-" "Mozilla/5.0 (compatible; Googlebot/2.1; +http://www.google.com/bot.html)"
91.230.47.3 - - [17/Jun/2017:10:25:07 +0000] "GET / HTTP/1.0" 200 53 "-" "-"
200.225.92.180 - - [17/Jun/2017:12:26:40 +0000] "HEAD / HTTP/1.0" 200 0 "-" "-"
91.230.47.3 - - [17/Jun/2017:12:28:56 +0000] "GET / HTTP/1.0" 200 53 "-" "-"
91.230.47.3 - - [17/Jun/2017:13:29:53 +0000] "GET / HTTP/1.0" 200 53 "-" "-"
